Archive member included to satisfy reference by file (symbol)

/opt/riscvfull/bin/../lib/gcc/riscv-none-embed/10.2.0/../../../../riscv-none-embed/lib/rv32i/ilp32/libg.a(lib_a-exit.o)
                              /opt/riscvfull/bin/../lib/gcc/riscv-none-embed/10.2.0/../../../../riscv-none-embed/lib/rv32i/ilp32/crt0.o (exit)
/opt/riscvfull/bin/../lib/gcc/riscv-none-embed/10.2.0/../../../../riscv-none-embed/lib/rv32i/ilp32/libg.a(lib_a-impure.o)
                              /opt/riscvfull/bin/../lib/gcc/riscv-none-embed/10.2.0/../../../../riscv-none-embed/lib/rv32i/ilp32/libg.a(lib_a-exit.o) (_global_impure_ptr)
/opt/riscvfull/bin/../lib/gcc/riscv-none-embed/10.2.0/../../../../riscv-none-embed/lib/rv32i/ilp32/libg.a(lib_a-init.o)
                              /opt/riscvfull/bin/../lib/gcc/riscv-none-embed/10.2.0/../../../../riscv-none-embed/lib/rv32i/ilp32/crt0.o (__libc_init_array)
/opt/riscvfull/bin/../lib/gcc/riscv-none-embed/10.2.0/../../../../riscv-none-embed/lib/rv32i/ilp32/libg.a(lib_a-memset.o)
                              /opt/riscvfull/bin/../lib/gcc/riscv-none-embed/10.2.0/../../../../riscv-none-embed/lib/rv32i/ilp32/crt0.o (memset)
/opt/riscvfull/bin/../lib/gcc/riscv-none-embed/10.2.0/../../../../riscv-none-embed/lib/rv32i/ilp32/libg.a(lib_a-__call_atexit.o)
                              /opt/riscvfull/bin/../lib/gcc/riscv-none-embed/10.2.0/../../../../riscv-none-embed/lib/rv32i/ilp32/libg.a(lib_a-exit.o) (__call_exitprocs)
/opt/riscvfull/bin/../lib/gcc/riscv-none-embed/10.2.0/../../../../riscv-none-embed/lib/rv32i/ilp32/libg.a(lib_a-fini.o)
                              /opt/riscvfull/bin/../lib/gcc/riscv-none-embed/10.2.0/../../../../riscv-none-embed/lib/rv32i/ilp32/libg.a(lib_a-__call_atexit.o) (__libc_fini_array)
/opt/riscvfull/bin/../lib/gcc/riscv-none-embed/10.2.0/../../../../riscv-none-embed/lib/rv32i/ilp32/libg.a(lib_a-atexit.o)
                              /opt/riscvfull/bin/../lib/gcc/riscv-none-embed/10.2.0/../../../../riscv-none-embed/lib/rv32i/ilp32/libg.a(lib_a-__call_atexit.o) (atexit)
/opt/riscvfull/bin/../lib/gcc/riscv-none-embed/10.2.0/../../../../riscv-none-embed/lib/rv32i/ilp32/libg.a(lib_a-__atexit.o)
                              /opt/riscvfull/bin/../lib/gcc/riscv-none-embed/10.2.0/../../../../riscv-none-embed/lib/rv32i/ilp32/libg.a(lib_a-atexit.o) (__register_exitproc)
/opt/riscvfull/bin/../lib/gcc/riscv-none-embed/10.2.0/../../../../riscv-none-embed/lib/rv32i/ilp32/libnosys.a(_exit.o)
                              /opt/riscvfull/bin/../lib/gcc/riscv-none-embed/10.2.0/../../../../riscv-none-embed/lib/rv32i/ilp32/libg.a(lib_a-exit.o) (_exit)

Memory Configuration

Name             Origin             Length             Attributes
*default*        0x0000000000000000 0xffffffffffffffff

Linker script and memory map

LOAD /opt/riscvfull/bin/../lib/gcc/riscv-none-embed/10.2.0/../../../../riscv-none-embed/lib/rv32i/ilp32/crt0.o
LOAD /opt/riscvfull/bin/../lib/gcc/riscv-none-embed/10.2.0/rv32i/ilp32/crtbegin.o
                0x0000000010000000                . = 0x10000000

.text           0x0000000010000000      0x518
 *(.text)
 .text          0x0000000010000000       0x4c /opt/riscvfull/bin/../lib/gcc/riscv-none-embed/10.2.0/../../../../riscv-none-embed/lib/rv32i/ilp32/crt0.o
                0x0000000010000000                _start
 .text          0x000000001000004c        0x0 /opt/riscvfull/bin/../lib/gcc/riscv-none-embed/10.2.0/rv32i/ilp32/crtbegin.o
 .text          0x000000001000004c        0x0 src/main.o
 .text          0x000000001000004c       0x5c src/ttyuart.o
                0x000000001000004c                __tty_uart_receive_char
                0x000000001000005c                __tty_uart_send_char
                0x0000000010000068                __tty_uart_send_string
                0x0000000010000084                __tty_uart_receive_string
 .text          0x00000000100000a8        0x0 /opt/riscvfull/bin/../lib/gcc/riscv-none-embed/10.2.0/../../../../riscv-none-embed/lib/rv32i/ilp32/libg.a(lib_a-exit.o)
 .text          0x00000000100000a8        0x0 /opt/riscvfull/bin/../lib/gcc/riscv-none-embed/10.2.0/../../../../riscv-none-embed/lib/rv32i/ilp32/libg.a(lib_a-impure.o)
 .text          0x00000000100000a8        0x0 /opt/riscvfull/bin/../lib/gcc/riscv-none-embed/10.2.0/../../../../riscv-none-embed/lib/rv32i/ilp32/libg.a(lib_a-init.o)
 .text          0x00000000100000a8       0xdc /opt/riscvfull/bin/../lib/gcc/riscv-none-embed/10.2.0/../../../../riscv-none-embed/lib/rv32i/ilp32/libg.a(lib_a-memset.o)
                0x00000000100000a8                memset
 .text          0x0000000010000184        0x0 /opt/riscvfull/bin/../lib/gcc/riscv-none-embed/10.2.0/../../../../riscv-none-embed/lib/rv32i/ilp32/libg.a(lib_a-__call_atexit.o)
 .text          0x0000000010000184        0x0 /opt/riscvfull/bin/../lib/gcc/riscv-none-embed/10.2.0/../../../../riscv-none-embed/lib/rv32i/ilp32/libg.a(lib_a-fini.o)
 .text          0x0000000010000184        0x0 /opt/riscvfull/bin/../lib/gcc/riscv-none-embed/10.2.0/../../../../riscv-none-embed/lib/rv32i/ilp32/libg.a(lib_a-atexit.o)
 .text          0x0000000010000184        0x0 /opt/riscvfull/bin/../lib/gcc/riscv-none-embed/10.2.0/../../../../riscv-none-embed/lib/rv32i/ilp32/libg.a(lib_a-__atexit.o)
 .text          0x0000000010000184        0x0 /opt/riscvfull/bin/../lib/gcc/riscv-none-embed/10.2.0/../../../../riscv-none-embed/lib/rv32i/ilp32/libnosys.a(_exit.o)
 .text          0x0000000010000184        0x0 /opt/riscvfull/bin/../lib/gcc/riscv-none-embed/10.2.0/rv32i/ilp32/crtend.o
 *(.text.unlikely .text.*_unlikely .text.unlikely.*)
 *(.text.exit .text.exit.*)
 .text.exit     0x0000000010000184       0x34 /opt/riscvfull/bin/../lib/gcc/riscv-none-embed/10.2.0/../../../../riscv-none-embed/lib/rv32i/ilp32/libg.a(lib_a-exit.o)
                0x0000000010000184                exit
 *(.text.startup .text.startup.*)
 .text.startup  0x00000000100001b8       0x18 src/main.o
                0x00000000100001b8                main
 .text.startup.register_fini
                0x00000000100001d0       0x18 /opt/riscvfull/bin/../lib/gcc/riscv-none-embed/10.2.0/../../../../riscv-none-embed/lib/rv32i/ilp32/libg.a(lib_a-__call_atexit.o)
 *(.text.hot .text.hot.*)
 *(.stub .text.* .gnu.linkonce.t.*)
 .text.__do_global_dtors_aux
                0x00000000100001e8       0x48 /opt/riscvfull/bin/../lib/gcc/riscv-none-embed/10.2.0/rv32i/ilp32/crtbegin.o
 .text.frame_dummy
                0x0000000010000230       0x20 /opt/riscvfull/bin/../lib/gcc/riscv-none-embed/10.2.0/rv32i/ilp32/crtbegin.o
 .text.__libc_init_array
                0x0000000010000250       0x94 /opt/riscvfull/bin/../lib/gcc/riscv-none-embed/10.2.0/../../../../riscv-none-embed/lib/rv32i/ilp32/libg.a(lib_a-init.o)
                0x0000000010000250                __libc_init_array
 .text.__call_exitprocs
                0x00000000100002e4      0x124 /opt/riscvfull/bin/../lib/gcc/riscv-none-embed/10.2.0/../../../../riscv-none-embed/lib/rv32i/ilp32/libg.a(lib_a-__call_atexit.o)
                0x00000000100002e4                __call_exitprocs
 .text.__libc_fini_array
                0x0000000010000408       0x5c /opt/riscvfull/bin/../lib/gcc/riscv-none-embed/10.2.0/../../../../riscv-none-embed/lib/rv32i/ilp32/libg.a(lib_a-fini.o)
                0x0000000010000408                __libc_fini_array
 .text.atexit   0x0000000010000464       0x14 /opt/riscvfull/bin/../lib/gcc/riscv-none-embed/10.2.0/../../../../riscv-none-embed/lib/rv32i/ilp32/libg.a(lib_a-atexit.o)
                0x0000000010000464                atexit
 .text.__register_exitproc
                0x0000000010000478       0x9c /opt/riscvfull/bin/../lib/gcc/riscv-none-embed/10.2.0/../../../../riscv-none-embed/lib/rv32i/ilp32/libg.a(lib_a-__atexit.o)
                0x0000000010000478                __register_exitproc
 .text._exit    0x0000000010000514        0x4 /opt/riscvfull/bin/../lib/gcc/riscv-none-embed/10.2.0/../../../../riscv-none-embed/lib/rv32i/ilp32/libnosys.a(_exit.o)
                0x0000000010000514                _exit
 *(.gnu.warning)

.init
 *(SORT_NONE(.init))

.plt
 *(.plt)

.iplt
 *(.iplt)

.fini
 *(SORT_NONE(.fini))
                [!provide]                        PROVIDE (__etext = .)
                [!provide]                        PROVIDE (_etext = .)
                [!provide]                        PROVIDE (etext = .)

.rodata         0x0000000010000518       0x27
 *(.rodata .rodata.* .gnu.linkonce.r.*)
 .rodata.str1.4
                0x0000000010000518       0x27 src/main.o

.rodata1
 *(.rodata1)

.sdata2
 *(.sdata2 .sdata2.* .gnu.linkonce.s2.*)

.sbss2
 *(.sbss2 .sbss2.* .gnu.linkonce.sb2.*)

.eh_frame_hdr
 *(.eh_frame_hdr)
 *(.eh_frame_entry .eh_frame_entry.*)

.eh_frame       0x0000000010000540        0x4
 *(.eh_frame)
 .eh_frame      0x0000000010000540        0x0 /opt/riscvfull/bin/../lib/gcc/riscv-none-embed/10.2.0/rv32i/ilp32/crtbegin.o
 .eh_frame      0x0000000010000540        0x4 /opt/riscvfull/bin/../lib/gcc/riscv-none-embed/10.2.0/rv32i/ilp32/crtend.o
 *(.eh_frame.*)

.rela.dyn       0x0000000010000544        0x0
 .rela.text     0x0000000010000544        0x0 /opt/riscvfull/bin/../lib/gcc/riscv-none-embed/10.2.0/../../../../riscv-none-embed/lib/rv32i/ilp32/crt0.o
 .rela.text.__do_global_dtors_aux
                0x0000000010000544        0x0 /opt/riscvfull/bin/../lib/gcc/riscv-none-embed/10.2.0/../../../../riscv-none-embed/lib/rv32i/ilp32/crt0.o
 .rela.text.frame_dummy
                0x0000000010000544        0x0 /opt/riscvfull/bin/../lib/gcc/riscv-none-embed/10.2.0/../../../../riscv-none-embed/lib/rv32i/ilp32/crt0.o
 .rela.text.__libc_init_array
                0x0000000010000544        0x0 /opt/riscvfull/bin/../lib/gcc/riscv-none-embed/10.2.0/../../../../riscv-none-embed/lib/rv32i/ilp32/crt0.o
 .rela.text.startup.register_fini
                0x0000000010000544        0x0 /opt/riscvfull/bin/../lib/gcc/riscv-none-embed/10.2.0/../../../../riscv-none-embed/lib/rv32i/ilp32/crt0.o
 .rela.text.__libc_fini_array
                0x0000000010000544        0x0 /opt/riscvfull/bin/../lib/gcc/riscv-none-embed/10.2.0/../../../../riscv-none-embed/lib/rv32i/ilp32/crt0.o

.gcc_except_table
 *(.gcc_except_table .gcc_except_table.*)

.gnu_extab
 *(.gnu_extab*)

.exception_ranges
 *(.exception_ranges .exception_ranges*)
                0x0000000010001544                . = DATA_SEGMENT_ALIGN (CONSTANT (MAXPAGESIZE), CONSTANT (COMMONPAGESIZE))

.eh_frame
 *(.eh_frame)
 *(.eh_frame.*)

.gnu_extab
 *(.gnu_extab)

.gcc_except_table
 *(.gcc_except_table .gcc_except_table.*)

.exception_ranges
 *(.exception_ranges .exception_ranges*)

.tdata
 *(.tdata .tdata.* .gnu.linkonce.td.*)

.tbss
 *(.tbss .tbss.* .gnu.linkonce.tb.*)
 *(.tcommon)

.preinit_array  0x0000000010001544        0x0
                0x0000000010001544                PROVIDE (__preinit_array_start = .)
 *(.preinit_array)
                0x0000000010001544                PROVIDE (__preinit_array_end = .)

.init_array     0x0000000010001544        0x8
                0x0000000010001544                PROVIDE (__init_array_start = .)
 *(SORT_BY_INIT_PRIORITY(.init_array.*) SORT_BY_INIT_PRIORITY(.ctors.*))
 .init_array.00000
                0x0000000010001544        0x4 /opt/riscvfull/bin/../lib/gcc/riscv-none-embed/10.2.0/../../../../riscv-none-embed/lib/rv32i/ilp32/libg.a(lib_a-__call_atexit.o)
 *(.init_array EXCLUDE_FILE(*crtend?.o *crtend.o *crtbegin?.o *crtbegin.o) .ctors)
 .init_array    0x0000000010001548        0x4 /opt/riscvfull/bin/../lib/gcc/riscv-none-embed/10.2.0/rv32i/ilp32/crtbegin.o
                0x000000001000154c                PROVIDE (__init_array_end = .)

.fini_array     0x000000001000154c        0x4
                0x000000001000154c                PROVIDE (__fini_array_start = .)
 *(SORT_BY_INIT_PRIORITY(.fini_array.*) SORT_BY_INIT_PRIORITY(.dtors.*))
 *(.fini_array EXCLUDE_FILE(*crtend?.o *crtend.o *crtbegin?.o *crtbegin.o) .dtors)
 .fini_array    0x000000001000154c        0x4 /opt/riscvfull/bin/../lib/gcc/riscv-none-embed/10.2.0/rv32i/ilp32/crtbegin.o
                0x0000000010001550                PROVIDE (__fini_array_end = .)

.ctors
 *crtbegin.o(.ctors)
 *crtbegin?.o(.ctors)
 *(EXCLUDE_FILE(*crtend?.o *crtend.o) .ctors)
 *(SORT_BY_NAME(.ctors.*))
 *(.ctors)

.dtors
 *crtbegin.o(.dtors)
 *crtbegin?.o(.dtors)
 *(EXCLUDE_FILE(*crtend?.o *crtend.o) .dtors)
 *(SORT_BY_NAME(.dtors.*))
 *(.dtors)

.jcr
 *(.jcr)

.data.rel.ro
 *(.data.rel.ro.local* .gnu.linkonce.d.rel.ro.local.*)
 *(.data.rel.ro .data.rel.ro.* .gnu.linkonce.d.rel.ro.*)

.dynamic
 *(.dynamic)
                0x0000000010001550                . = DATA_SEGMENT_RELRO_END (., 0x0)

.data           0x0000000010001550      0x428
 *(.data .data.* .gnu.linkonce.d.*)
 .data          0x0000000010001550        0x0 /opt/riscvfull/bin/../lib/gcc/riscv-none-embed/10.2.0/../../../../riscv-none-embed/lib/rv32i/ilp32/crt0.o
 .data          0x0000000010001550        0x0 /opt/riscvfull/bin/../lib/gcc/riscv-none-embed/10.2.0/rv32i/ilp32/crtbegin.o
 .data          0x0000000010001550        0x0 src/main.o
 .data          0x0000000010001550        0x0 src/ttyuart.o
 .data          0x0000000010001550        0x0 /opt/riscvfull/bin/../lib/gcc/riscv-none-embed/10.2.0/../../../../riscv-none-embed/lib/rv32i/ilp32/libg.a(lib_a-exit.o)
 .data          0x0000000010001550        0x0 /opt/riscvfull/bin/../lib/gcc/riscv-none-embed/10.2.0/../../../../riscv-none-embed/lib/rv32i/ilp32/libg.a(lib_a-impure.o)
 .data.impure_data
                0x0000000010001550      0x428 /opt/riscvfull/bin/../lib/gcc/riscv-none-embed/10.2.0/../../../../riscv-none-embed/lib/rv32i/ilp32/libg.a(lib_a-impure.o)
 .data          0x0000000010001978        0x0 /opt/riscvfull/bin/../lib/gcc/riscv-none-embed/10.2.0/../../../../riscv-none-embed/lib/rv32i/ilp32/libg.a(lib_a-init.o)
 .data          0x0000000010001978        0x0 /opt/riscvfull/bin/../lib/gcc/riscv-none-embed/10.2.0/../../../../riscv-none-embed/lib/rv32i/ilp32/libg.a(lib_a-memset.o)
 .data          0x0000000010001978        0x0 /opt/riscvfull/bin/../lib/gcc/riscv-none-embed/10.2.0/../../../../riscv-none-embed/lib/rv32i/ilp32/libg.a(lib_a-__call_atexit.o)
 .data          0x0000000010001978        0x0 /opt/riscvfull/bin/../lib/gcc/riscv-none-embed/10.2.0/../../../../riscv-none-embed/lib/rv32i/ilp32/libg.a(lib_a-fini.o)
 .data          0x0000000010001978        0x0 /opt/riscvfull/bin/../lib/gcc/riscv-none-embed/10.2.0/../../../../riscv-none-embed/lib/rv32i/ilp32/libg.a(lib_a-atexit.o)
 .data          0x0000000010001978        0x0 /opt/riscvfull/bin/../lib/gcc/riscv-none-embed/10.2.0/../../../../riscv-none-embed/lib/rv32i/ilp32/libg.a(lib_a-__atexit.o)
 .data          0x0000000010001978        0x0 /opt/riscvfull/bin/../lib/gcc/riscv-none-embed/10.2.0/../../../../riscv-none-embed/lib/rv32i/ilp32/libnosys.a(_exit.o)
 .data          0x0000000010001978        0x0 /opt/riscvfull/bin/../lib/gcc/riscv-none-embed/10.2.0/rv32i/ilp32/crtend.o

.data1
 *(.data1)

.got
 *(.got.plt)
 *(.igot.plt)
 *(.got)
 *(.igot)

.sdata          0x0000000010001978        0x8
                0x0000000010002178                __global_pointer$ = (. + 0x800)
 *(.srodata.cst16)
 *(.srodata.cst8)
 *(.srodata.cst4)
 *(.srodata.cst2)
 *(.srodata .srodata.*)
 .srodata._global_impure_ptr
                0x0000000010001978        0x4 /opt/riscvfull/bin/../lib/gcc/riscv-none-embed/10.2.0/../../../../riscv-none-embed/lib/rv32i/ilp32/libg.a(lib_a-impure.o)
                0x0000000010001978                _global_impure_ptr
 *(.sdata .sdata.* .gnu.linkonce.s.*)
 .sdata._impure_ptr
                0x000000001000197c        0x4 /opt/riscvfull/bin/../lib/gcc/riscv-none-embed/10.2.0/../../../../riscv-none-embed/lib/rv32i/ilp32/libg.a(lib_a-impure.o)
                0x000000001000197c                _impure_ptr
                0x0000000010001980                _edata = .
                [!provide]                        PROVIDE (edata = .)
                0x0000000010001980                . = .
                0x0000000010001980                __bss_start = .

.sbss           0x0000000010001980        0x1
 *(.dynsbss)
 *(.sbss .sbss.* .gnu.linkonce.sb.*)
 .sbss.completed.1
                0x0000000010001980        0x1 /opt/riscvfull/bin/../lib/gcc/riscv-none-embed/10.2.0/rv32i/ilp32/crtbegin.o
 *(.scommon)

.bss            0x0000000010001984       0x18
 *(.dynbss)
 *(.bss .bss.* .gnu.linkonce.b.*)
 .bss           0x0000000010001984        0x0 /opt/riscvfull/bin/../lib/gcc/riscv-none-embed/10.2.0/../../../../riscv-none-embed/lib/rv32i/ilp32/crt0.o
 .bss           0x0000000010001984        0x0 /opt/riscvfull/bin/../lib/gcc/riscv-none-embed/10.2.0/rv32i/ilp32/crtbegin.o
 .bss.object.0  0x0000000010001984       0x18 /opt/riscvfull/bin/../lib/gcc/riscv-none-embed/10.2.0/rv32i/ilp32/crtbegin.o
 .bss           0x000000001000199c        0x0 src/main.o
 .bss           0x000000001000199c        0x0 src/ttyuart.o
 .bss           0x000000001000199c        0x0 /opt/riscvfull/bin/../lib/gcc/riscv-none-embed/10.2.0/../../../../riscv-none-embed/lib/rv32i/ilp32/libg.a(lib_a-exit.o)
 .bss           0x000000001000199c        0x0 /opt/riscvfull/bin/../lib/gcc/riscv-none-embed/10.2.0/../../../../riscv-none-embed/lib/rv32i/ilp32/libg.a(lib_a-impure.o)
 .bss           0x000000001000199c        0x0 /opt/riscvfull/bin/../lib/gcc/riscv-none-embed/10.2.0/../../../../riscv-none-embed/lib/rv32i/ilp32/libg.a(lib_a-init.o)
 .bss           0x000000001000199c        0x0 /opt/riscvfull/bin/../lib/gcc/riscv-none-embed/10.2.0/../../../../riscv-none-embed/lib/rv32i/ilp32/libg.a(lib_a-memset.o)
 .bss           0x000000001000199c        0x0 /opt/riscvfull/bin/../lib/gcc/riscv-none-embed/10.2.0/../../../../riscv-none-embed/lib/rv32i/ilp32/libg.a(lib_a-__call_atexit.o)
 .bss           0x000000001000199c        0x0 /opt/riscvfull/bin/../lib/gcc/riscv-none-embed/10.2.0/../../../../riscv-none-embed/lib/rv32i/ilp32/libg.a(lib_a-fini.o)
 .bss           0x000000001000199c        0x0 /opt/riscvfull/bin/../lib/gcc/riscv-none-embed/10.2.0/../../../../riscv-none-embed/lib/rv32i/ilp32/libg.a(lib_a-atexit.o)
 .bss           0x000000001000199c        0x0 /opt/riscvfull/bin/../lib/gcc/riscv-none-embed/10.2.0/../../../../riscv-none-embed/lib/rv32i/ilp32/libg.a(lib_a-__atexit.o)
 .bss           0x000000001000199c        0x0 /opt/riscvfull/bin/../lib/gcc/riscv-none-embed/10.2.0/../../../../riscv-none-embed/lib/rv32i/ilp32/libnosys.a(_exit.o)
 .bss           0x000000001000199c        0x0 /opt/riscvfull/bin/../lib/gcc/riscv-none-embed/10.2.0/rv32i/ilp32/crtend.o
 *(COMMON)
                0x000000001000199c                . = ALIGN ((. != 0x0)?0x4:0x1)
                0x000000001000199c                . = ALIGN (0x4)
                0x000000001000199c                . = SEGMENT_START ("ldata-segment", .)
                0x000000001000199c                . = ALIGN (0x4)
                0x000000001000199c                _end = .
                [!provide]                        PROVIDE (end = .)
                0x000000001000199c                . = DATA_SEGMENT_END (.)

.stab
 *(.stab)

.stabstr
 *(.stabstr)

.stab.excl
 *(.stab.excl)

.stab.exclstr
 *(.stab.exclstr)

.stab.index
 *(.stab.index)

.stab.indexstr
 *(.stab.indexstr)

.comment        0x0000000000000000       0x33
 *(.comment)
 .comment       0x0000000000000000       0x33 /opt/riscvfull/bin/../lib/gcc/riscv-none-embed/10.2.0/rv32i/ilp32/crtbegin.o
                                         0x34 (size before relaxing)
 .comment       0x0000000000000033       0x34 src/main.o
 .comment       0x0000000000000033       0x34 src/ttyuart.o
 .comment       0x0000000000000033       0x34 /opt/riscvfull/bin/../lib/gcc/riscv-none-embed/10.2.0/../../../../riscv-none-embed/lib/rv32i/ilp32/libg.a(lib_a-exit.o)
 .comment       0x0000000000000033       0x34 /opt/riscvfull/bin/../lib/gcc/riscv-none-embed/10.2.0/../../../../riscv-none-embed/lib/rv32i/ilp32/libg.a(lib_a-impure.o)
 .comment       0x0000000000000033       0x34 /opt/riscvfull/bin/../lib/gcc/riscv-none-embed/10.2.0/../../../../riscv-none-embed/lib/rv32i/ilp32/libg.a(lib_a-init.o)
 .comment       0x0000000000000033       0x34 /opt/riscvfull/bin/../lib/gcc/riscv-none-embed/10.2.0/../../../../riscv-none-embed/lib/rv32i/ilp32/libg.a(lib_a-__call_atexit.o)
 .comment       0x0000000000000033       0x34 /opt/riscvfull/bin/../lib/gcc/riscv-none-embed/10.2.0/../../../../riscv-none-embed/lib/rv32i/ilp32/libg.a(lib_a-fini.o)
 .comment       0x0000000000000033       0x34 /opt/riscvfull/bin/../lib/gcc/riscv-none-embed/10.2.0/../../../../riscv-none-embed/lib/rv32i/ilp32/libg.a(lib_a-atexit.o)
 .comment       0x0000000000000033       0x34 /opt/riscvfull/bin/../lib/gcc/riscv-none-embed/10.2.0/../../../../riscv-none-embed/lib/rv32i/ilp32/libg.a(lib_a-__atexit.o)
 .comment       0x0000000000000033       0x34 /opt/riscvfull/bin/../lib/gcc/riscv-none-embed/10.2.0/../../../../riscv-none-embed/lib/rv32i/ilp32/libnosys.a(_exit.o)
 .comment       0x0000000000000033       0x34 /opt/riscvfull/bin/../lib/gcc/riscv-none-embed/10.2.0/rv32i/ilp32/crtend.o

.debug
 *(.debug)

.line
 *(.line)

.debug_srcinfo
 *(.debug_srcinfo)

.debug_sfnames
 *(.debug_sfnames)

.debug_aranges
 *(.debug_aranges)

.debug_pubnames
 *(.debug_pubnames)

.debug_info
 *(.debug_info .gnu.linkonce.wi.*)

.debug_abbrev
 *(.debug_abbrev)

.debug_line
 *(.debug_line .debug_line.* .debug_line_end)

.debug_frame
 *(.debug_frame)

.debug_str
 *(.debug_str)

.debug_loc
 *(.debug_loc)

.debug_macinfo
 *(.debug_macinfo)

.debug_weaknames
 *(.debug_weaknames)

.debug_funcnames
 *(.debug_funcnames)

.debug_typenames
 *(.debug_typenames)

.debug_varnames
 *(.debug_varnames)

.debug_pubtypes
 *(.debug_pubtypes)

.debug_ranges
 *(.debug_ranges)

.debug_macro
 *(.debug_macro)

.debug_addr
 *(.debug_addr)

.gnu.attributes
 *(.gnu.attributes)

/DISCARD/
 *(.note.GNU-stack)
 *(.gnu_debuglink)
 *(.gnu.lto_*)
LOAD src/main.o
LOAD src/ttyuart.o
LOAD /opt/riscvfull/bin/../lib/gcc/riscv-none-embed/10.2.0/rv32i/ilp32/libgcc.a
START GROUP
LOAD /opt/riscvfull/bin/../lib/gcc/riscv-none-embed/10.2.0/rv32i/ilp32/libgcc.a
LOAD /opt/riscvfull/bin/../lib/gcc/riscv-none-embed/10.2.0/../../../../riscv-none-embed/lib/rv32i/ilp32/libg.a
LOAD /opt/riscvfull/bin/../lib/gcc/riscv-none-embed/10.2.0/../../../../riscv-none-embed/lib/rv32i/ilp32/libc.a
END GROUP
LOAD /opt/riscvfull/bin/../lib/gcc/riscv-none-embed/10.2.0/rv32i/ilp32/libgcc.a
START GROUP
LOAD /opt/riscvfull/bin/../lib/gcc/riscv-none-embed/10.2.0/rv32i/ilp32/libgcc.a
LOAD /opt/riscvfull/bin/../lib/gcc/riscv-none-embed/10.2.0/../../../../riscv-none-embed/lib/rv32i/ilp32/libc.a
LOAD /opt/riscvfull/bin/../lib/gcc/riscv-none-embed/10.2.0/../../../../riscv-none-embed/lib/rv32i/ilp32/libnosys.a
END GROUP
LOAD /opt/riscvfull/bin/../lib/gcc/riscv-none-embed/10.2.0/rv32i/ilp32/crtend.o
OUTPUT(firmware/firmware.elf elf32-littleriscv)
