
Memory Configuration

Name             Origin             Length             Attributes
mem              0x0000000000000000 0x0000000000018000
*default*        0x0000000000000000 0xffffffffffffffff

Linker script and memory map


.memory         0x0000000000000000     0x9d28
                0x0000000000000000                . = 0x0
 start*(.text)
 *(.text)
 .text          0x0000000000000000      0x230 firmware/start.o
                0x0000000000000090                lui_ret
                0x0000000000000098                auipc_ret
                0x00000000000000a0                j_ret
                0x00000000000000a8                jal_ret
                0x00000000000000b0                jalr_ret
                0x00000000000000b8                beq_ret
                0x00000000000000c0                bne_ret
                0x00000000000000c8                blt_ret
                0x00000000000000d0                bge_ret
                0x00000000000000d8                bltu_ret
                0x00000000000000e0                bgeu_ret
                0x00000000000000e8                lb_ret
                0x00000000000000f0                lh_ret
                0x00000000000000f8                lw_ret
                0x0000000000000100                lbu_ret
                0x0000000000000108                lhu_ret
                0x0000000000000110                sb_ret
                0x0000000000000118                sh_ret
                0x0000000000000120                sw_ret
                0x0000000000000128                addi_ret
                0x0000000000000130                slti_ret
                0x0000000000000138                xori_ret
                0x0000000000000140                ori_ret
                0x0000000000000148                andi_ret
                0x0000000000000150                slli_ret
                0x0000000000000158                srli_ret
                0x0000000000000160                srai_ret
                0x0000000000000168                add_ret
                0x0000000000000170                sub_ret
                0x0000000000000178                sll_ret
                0x0000000000000180                slt_ret
                0x0000000000000188                xor_ret
                0x0000000000000190                srl_ret
                0x0000000000000198                sra_ret
                0x00000000000001a0                or_ret
                0x00000000000001a8                and_ret
                0x00000000000001b0                mulh_ret
                0x00000000000001b8                mulhsu_ret
                0x00000000000001c0                mulhu_ret
                0x00000000000001c8                mul_ret
                0x00000000000001d0                div_ret
                0x00000000000001d8                divu_ret
                0x00000000000001e0                rem_ret
                0x00000000000001e8                remu_ret
                0x00000000000001f0                simple_ret
 .text          0x0000000000000230       0x60 firmware/print.o
                0x0000000000000230                print_chr
                0x000000000000023c                print_str
                0x0000000000000258                print_hex
 .text          0x0000000000000290        0xc firmware/hello.o
                0x0000000000000290                hello
 .text          0x000000000000029c      0x544 tests/or.o
                0x000000000000029c                or
 .text          0x00000000000007e0      0x540 tests/xor.o
                0x00000000000007e0                xor
 .text          0x0000000000000d20      0x4f8 tests/sh.o
                0x0000000000000d20                sh
 .text          0x0000000000001218      0x244 tests/andi.o
                0x0000000000001218                andi
 .text          0x000000000000145c      0x540 tests/sub.o
                0x000000000000145c                sub
 .text          0x000000000000199c      0x5ec tests/sll.o
                0x000000000000199c                sll
 .text          0x0000000000001f88      0x61c tests/sra.o
                0x0000000000001f88                sra
 .text          0x00000000000025a4      0x2ec tests/lh.o
                0x00000000000025a4                lh
 .text          0x0000000000002890      0x33c tests/srai.o
                0x0000000000002890                srai
 .text          0x0000000000002bcc      0x15c tests/rem.o
                0x0000000000002bcc                rem
 .text          0x0000000000002d28      0x30c tests/addi.o
                0x0000000000002d28                addi
 .text          0x0000000000003034      0x54c tests/mulh.o
                0x0000000000003034                mulh
 .text          0x0000000000003580      0x2cc tests/lb.o
                0x0000000000003580                lb
 .text          0x000000000000384c      0x3d8 tests/bgeu.o
                0x000000000000384c                bgeu
 .text          0x0000000000003c24      0x504 tests/sw.o
                0x0000000000003c24                sw
 .text          0x0000000000004128      0x15c tests/div.o
                0x0000000000004128                div
 .text          0x0000000000004284      0x340 tests/beq.o
                0x0000000000004284                beq
 *fill*         0x00000000000045c4        0x4 
 .text          0x00000000000045c8       0xcc tests/auipc.o
                0x00000000000045c8                auipc
 .text          0x0000000000004694      0x340 tests/blt.o
                0x0000000000004694                blt
 .text          0x00000000000049d4      0x184 tests/jalr.o
                0x00000000000049d4                jalr
 .text          0x0000000000004b58      0x30c tests/lw.o
                0x0000000000004b58                lw
 .text          0x0000000000004e64      0x25c tests/ori.o
                0x0000000000004e64                ori
 .text          0x00000000000050c0       0xbc tests/j.o
                0x00000000000050c0                j
 .text          0x000000000000517c      0x54c tests/mulhu.o
                0x000000000000517c                mulhu
 .text          0x00000000000056c8      0x63c tests/srl.o
                0x00000000000056c8                srl
 .text          0x0000000000005d04      0x548 tests/slt.o
                0x0000000000005d04                slt
 .text          0x000000000000624c      0x2cc tests/lbu.o
                0x000000000000624c                lbu
 .text          0x0000000000006518      0x300 tests/lhu.o
                0x0000000000006518                lhu
 .text          0x0000000000006818       0x54 tests/simple.o
                0x0000000000006818                simple
 .text          0x000000000000686c      0x378 tests/bltu.o
                0x000000000000686c                bltu
 .text          0x0000000000006be4      0x160 tests/remu.o
                0x0000000000006be4                remu
 .text          0x0000000000006d44      0x308 tests/slli.o
                0x0000000000006d44                slli
 .text          0x000000000000704c      0x3a0 tests/bge.o
                0x000000000000704c                bge
 .text          0x00000000000073ec      0x268 tests/xori.o
                0x00000000000073ec                xori
 .text          0x0000000000007654      0x474 tests/sb.o
                0x0000000000007654                sb
 .text          0x0000000000007ac8       0xe0 tests/lui.o
                0x0000000000007ac8                lui
 .text          0x0000000000007ba8       0xd8 tests/jal.o
                0x0000000000007ba8                jal
 .text          0x0000000000007c80      0x548 tests/mul.o
                0x0000000000007c80                mul
 .text          0x00000000000081c8      0x560 tests/add.o
                0x00000000000081c8                add
 .text          0x0000000000008728      0x338 tests/srli.o
                0x0000000000008728                srli
 .text          0x0000000000008a60      0x164 tests/divu.o
                0x0000000000008a60                divu
 .text          0x0000000000008bc4      0x344 tests/bne.o
                0x0000000000008bc4                bne
 .text          0x0000000000008f08      0x538 tests/and.o
                0x0000000000008f08                and
 .text          0x0000000000009440      0x2f8 tests/slti.o
                0x0000000000009440                slti
 .text          0x0000000000009738      0x54c tests/mulhsu.o
                0x0000000000009738                mulhsu
 *(*)
 .data          0x0000000000009c84        0x0 firmware/start.o
 .bss           0x0000000000009c84        0x0 firmware/start.o
 .data          0x0000000000009c84        0x0 firmware/print.o
 .bss           0x0000000000009c84        0x0 firmware/print.o
 .rodata.str1.4
                0x0000000000009c84       0x11 firmware/print.o
 .comment       0x0000000000009c95       0x11 firmware/print.o
                                         0x12 (size before relaxing)
 .data          0x0000000000009ca6        0x0 firmware/hello.o
 .bss           0x0000000000009ca6        0x0 firmware/hello.o
 *fill*         0x0000000000009ca6        0x2 
 .rodata.str1.4
                0x0000000000009ca8       0x10 firmware/hello.o
                                          0xd (size before relaxing)
 .comment       0x0000000000009cb8       0x12 firmware/hello.o
 .data          0x0000000000009cb8        0x0 tests/or.o
 .bss           0x0000000000009cb8        0x0 tests/or.o
 .data          0x0000000000009cb8        0x0 tests/xor.o
 .bss           0x0000000000009cb8        0x0 tests/xor.o
 .data          0x0000000000009cb8       0x14 tests/sh.o
 .bss           0x0000000000009ccc        0x0 tests/sh.o
 .data          0x0000000000009ccc        0x0 tests/andi.o
 .bss           0x0000000000009ccc        0x0 tests/andi.o
 .data          0x0000000000009ccc        0x0 tests/sub.o
 .bss           0x0000000000009ccc        0x0 tests/sub.o
 .data          0x0000000000009ccc        0x0 tests/sll.o
 .bss           0x0000000000009ccc        0x0 tests/sll.o
 .data          0x0000000000009ccc        0x0 tests/sra.o
 .bss           0x0000000000009ccc        0x0 tests/sra.o
 .data          0x0000000000009ccc        0x8 tests/lh.o
 .bss           0x0000000000009cd4        0x0 tests/lh.o
 .data          0x0000000000009cd4        0x0 tests/srai.o
 .bss           0x0000000000009cd4        0x0 tests/srai.o
 .data          0x0000000000009cd4        0x0 tests/rem.o
 .bss           0x0000000000009cd4        0x0 tests/rem.o
 .data          0x0000000000009cd4        0x0 tests/addi.o
 .bss           0x0000000000009cd4        0x0 tests/addi.o
 .data          0x0000000000009cd4        0x0 tests/mulh.o
 .bss           0x0000000000009cd4        0x0 tests/mulh.o
 .data          0x0000000000009cd4        0x4 tests/lb.o
 .bss           0x0000000000009cd8        0x0 tests/lb.o
 .data          0x0000000000009cd8        0x0 tests/bgeu.o
 .bss           0x0000000000009cd8        0x0 tests/bgeu.o
 .data          0x0000000000009cd8       0x28 tests/sw.o
 .bss           0x0000000000009d00        0x0 tests/sw.o
 .data          0x0000000000009d00        0x0 tests/div.o
 .bss           0x0000000000009d00        0x0 tests/div.o
 .data          0x0000000000009d00        0x0 tests/beq.o
 .bss           0x0000000000009d00        0x0 tests/beq.o
 .data          0x0000000000009d00        0x0 tests/auipc.o
 .bss           0x0000000000009d00        0x0 tests/auipc.o
 .data          0x0000000000009d00        0x0 tests/blt.o
 .bss           0x0000000000009d00        0x0 tests/blt.o
 .data          0x0000000000009d00        0x0 tests/jalr.o
 .bss           0x0000000000009d00        0x0 tests/jalr.o
 .data          0x0000000000009d00       0x10 tests/lw.o
 .bss           0x0000000000009d10        0x0 tests/lw.o
 .data          0x0000000000009d10        0x0 tests/ori.o
 .bss           0x0000000000009d10        0x0 tests/ori.o
 .data          0x0000000000009d10        0x0 tests/j.o
 .bss           0x0000000000009d10        0x0 tests/j.o
 .data          0x0000000000009d10        0x0 tests/mulhu.o
 .bss           0x0000000000009d10        0x0 tests/mulhu.o
 .data          0x0000000000009d10        0x0 tests/srl.o
 .bss           0x0000000000009d10        0x0 tests/srl.o
 .data          0x0000000000009d10        0x0 tests/slt.o
 .bss           0x0000000000009d10        0x0 tests/slt.o
 .data          0x0000000000009d10        0x4 tests/lbu.o
 .bss           0x0000000000009d14        0x0 tests/lbu.o
 .data          0x0000000000009d14        0x8 tests/lhu.o
 .bss           0x0000000000009d1c        0x0 tests/lhu.o
 .data          0x0000000000009d1c        0x0 tests/simple.o
 .bss           0x0000000000009d1c        0x0 tests/simple.o
 .data          0x0000000000009d1c        0x0 tests/bltu.o
 .bss           0x0000000000009d1c        0x0 tests/bltu.o
 .data          0x0000000000009d1c        0x0 tests/remu.o
 .bss           0x0000000000009d1c        0x0 tests/remu.o
 .data          0x0000000000009d1c        0x0 tests/slli.o
 .bss           0x0000000000009d1c        0x0 tests/slli.o
 .data          0x0000000000009d1c        0x0 tests/bge.o
 .bss           0x0000000000009d1c        0x0 tests/bge.o
 .data          0x0000000000009d1c        0x0 tests/xori.o
 .bss           0x0000000000009d1c        0x0 tests/xori.o
 .data          0x0000000000009d1c        0xa tests/sb.o
 .bss           0x0000000000009d26        0x0 tests/sb.o
 *fill*         0x0000000000009d26        0x2 
 .data          0x0000000000009d28        0x0 tests/lui.o
 .bss           0x0000000000009d28        0x0 tests/lui.o
 .data          0x0000000000009d28        0x0 tests/jal.o
 .bss           0x0000000000009d28        0x0 tests/jal.o
 .data          0x0000000000009d28        0x0 tests/mul.o
 .bss           0x0000000000009d28        0x0 tests/mul.o
 .data          0x0000000000009d28        0x0 tests/add.o
 .bss           0x0000000000009d28        0x0 tests/add.o
 .data          0x0000000000009d28        0x0 tests/srli.o
 .bss           0x0000000000009d28        0x0 tests/srli.o
 .data          0x0000000000009d28        0x0 tests/divu.o
 .bss           0x0000000000009d28        0x0 tests/divu.o
 .data          0x0000000000009d28        0x0 tests/bne.o
 .bss           0x0000000000009d28        0x0 tests/bne.o
 .data          0x0000000000009d28        0x0 tests/and.o
 .bss           0x0000000000009d28        0x0 tests/and.o
 .data          0x0000000000009d28        0x0 tests/slti.o
 .bss           0x0000000000009d28        0x0 tests/slti.o
 .data          0x0000000000009d28        0x0 tests/mulhsu.o
 .bss           0x0000000000009d28        0x0 tests/mulhsu.o
                0x0000000000009d28                end = .
                0x0000000000009d28                . = ALIGN (0x4)
LOAD firmware/start.o
LOAD firmware/print.o
LOAD firmware/hello.o
LOAD tests/or.o
LOAD tests/xor.o
LOAD tests/sh.o
LOAD tests/andi.o
LOAD tests/sub.o
LOAD tests/sll.o
LOAD tests/sra.o
LOAD tests/lh.o
LOAD tests/srai.o
LOAD tests/rem.o
LOAD tests/addi.o
LOAD tests/mulh.o
LOAD tests/lb.o
LOAD tests/bgeu.o
LOAD tests/sw.o
LOAD tests/div.o
LOAD tests/beq.o
LOAD tests/auipc.o
LOAD tests/blt.o
LOAD tests/jalr.o
LOAD tests/lw.o
LOAD tests/ori.o
LOAD tests/j.o
LOAD tests/mulhu.o
LOAD tests/srl.o
LOAD tests/slt.o
LOAD tests/lbu.o
LOAD tests/lhu.o
LOAD tests/simple.o
LOAD tests/bltu.o
LOAD tests/remu.o
LOAD tests/slli.o
LOAD tests/bge.o
LOAD tests/xori.o
LOAD tests/sb.o
LOAD tests/lui.o
LOAD tests/jal.o
LOAD tests/mul.o
LOAD tests/add.o
LOAD tests/srli.o
LOAD tests/divu.o
LOAD tests/bne.o
LOAD tests/and.o
LOAD tests/slti.o
LOAD tests/mulhsu.o
LOAD /opt/riscv32i/lib/gcc/riscv32-unknown-elf/8.2.0/libgcc.a
OUTPUT(firmware/firmware.elf elf32-littleriscv)
