Archive member included to satisfy reference by file (symbol)

/opt/riscv32i/lib/gcc/riscv32-unknown-elf/8.2.0/libgcc.a(div.o)
                              firmware/print.o (__udivsi3)

Discarded input sections

 .debug_line    0x0000000000000000      0x169 /opt/riscv32i/lib/gcc/riscv32-unknown-elf/8.2.0/libgcc.a(div.o)
 .debug_info    0x0000000000000000       0x26 /opt/riscv32i/lib/gcc/riscv32-unknown-elf/8.2.0/libgcc.a(div.o)
 .debug_abbrev  0x0000000000000000       0x14 /opt/riscv32i/lib/gcc/riscv32-unknown-elf/8.2.0/libgcc.a(div.o)
 .debug_aranges
                0x0000000000000000       0x20 /opt/riscv32i/lib/gcc/riscv32-unknown-elf/8.2.0/libgcc.a(div.o)
 .debug_str     0x0000000000000000       0xcb /opt/riscv32i/lib/gcc/riscv32-unknown-elf/8.2.0/libgcc.a(div.o)

Memory Configuration

Name             Origin             Length             Attributes
mem              0x0000000000000000 0x0000000000018000
*default*        0x0000000000000000 0xffffffffffffffff

Linker script and memory map


.memory         0x0000000000000000     0x9f0c
                0x0000000000000000                . = 0x0
 start*(.text)
 *(.text)
 .text          0x0000000000000000      0x2e4 firmware/start.o
                0x0000000000000094                lui_ret
                0x00000000000000a0                auipc_ret
                0x00000000000000ac                j_ret
                0x00000000000000b8                jal_ret
                0x00000000000000c4                jalr_ret
                0x00000000000000d0                beq_ret
                0x00000000000000dc                bne_ret
                0x00000000000000e8                blt_ret
                0x00000000000000f4                bge_ret
                0x0000000000000100                bltu_ret
                0x000000000000010c                bgeu_ret
                0x0000000000000118                lb_ret
                0x0000000000000124                lh_ret
                0x0000000000000130                lw_ret
                0x000000000000013c                lbu_ret
                0x0000000000000148                lhu_ret
                0x0000000000000154                sb_ret
                0x0000000000000160                sh_ret
                0x000000000000016c                sw_ret
                0x0000000000000178                addi_ret
                0x0000000000000184                slti_ret
                0x0000000000000190                xori_ret
                0x000000000000019c                ori_ret
                0x00000000000001a8                andi_ret
                0x00000000000001b4                slli_ret
                0x00000000000001c0                srli_ret
                0x00000000000001cc                srai_ret
                0x00000000000001d8                add_ret
                0x00000000000001e4                sub_ret
                0x00000000000001f0                sll_ret
                0x00000000000001fc                slt_ret
                0x0000000000000208                xor_ret
                0x0000000000000214                srl_ret
                0x0000000000000220                sra_ret
                0x000000000000022c                or_ret
                0x0000000000000238                and_ret
                0x0000000000000244                mulh_ret
                0x0000000000000250                mulhsu_ret
                0x000000000000025c                mulhu_ret
                0x0000000000000268                mul_ret
                0x0000000000000274                div_ret
                0x0000000000000280                divu_ret
                0x000000000000028c                rem_ret
                0x0000000000000298                remu_ret
                0x00000000000002a4                simple_ret
 .text          0x00000000000002e4       0xe0 firmware/print.o
                0x00000000000002e4                print_chr
                0x00000000000002f0                print_str
                0x000000000000030c                print_dec
                0x000000000000038c                print_hex
 .text          0x00000000000003c4        0xc firmware/hello.o
                0x00000000000003c4                hello
 .text          0x00000000000003d0      0x544 tests/or.o
                0x00000000000003d0                or
 .text          0x0000000000000914      0x540 tests/xor.o
                0x0000000000000914                xor
 .text          0x0000000000000e54      0x4f8 tests/sh.o
                0x0000000000000e54                sh
 .text          0x000000000000134c      0x244 tests/andi.o
                0x000000000000134c                andi
 .text          0x0000000000001590      0x540 tests/sub.o
                0x0000000000001590                sub
 .text          0x0000000000001ad0      0x5ec tests/sll.o
                0x0000000000001ad0                sll
 .text          0x00000000000020bc      0x61c tests/sra.o
                0x00000000000020bc                sra
 .text          0x00000000000026d8      0x2ec tests/lh.o
                0x00000000000026d8                lh
 .text          0x00000000000029c4      0x33c tests/srai.o
                0x00000000000029c4                srai
 .text          0x0000000000002d00      0x15c tests/rem.o
                0x0000000000002d00                rem
 .text          0x0000000000002e5c      0x30c tests/addi.o
                0x0000000000002e5c                addi
 .text          0x0000000000003168      0x54c tests/mulh.o
                0x0000000000003168                mulh
 .text          0x00000000000036b4      0x2cc tests/lb.o
                0x00000000000036b4                lb
 .text          0x0000000000003980      0x3d8 tests/bgeu.o
                0x0000000000003980                bgeu
 .text          0x0000000000003d58      0x504 tests/sw.o
                0x0000000000003d58                sw
 .text          0x000000000000425c      0x15c tests/div.o
                0x000000000000425c                div
 .text          0x00000000000043b8      0x340 tests/beq.o
                0x00000000000043b8                beq
 *fill*         0x00000000000046f8        0x0 
 .text          0x00000000000046f8       0xcc tests/auipc.o
                0x00000000000046f8                auipc
 .text          0x00000000000047c4      0x340 tests/blt.o
                0x00000000000047c4                blt
 .text          0x0000000000004b04      0x184 tests/jalr.o
                0x0000000000004b04                jalr
 .text          0x0000000000004c88      0x30c tests/lw.o
                0x0000000000004c88                lw
 .text          0x0000000000004f94      0x25c tests/ori.o
                0x0000000000004f94                ori
 .text          0x00000000000051f0       0xbc tests/j.o
                0x00000000000051f0                j
 .text          0x00000000000052ac      0x54c tests/mulhu.o
                0x00000000000052ac                mulhu
 .text          0x00000000000057f8      0x63c tests/srl.o
                0x00000000000057f8                srl
 .text          0x0000000000005e34      0x548 tests/slt.o
                0x0000000000005e34                slt
 .text          0x000000000000637c      0x2cc tests/lbu.o
                0x000000000000637c                lbu
 .text          0x0000000000006648      0x300 tests/lhu.o
                0x0000000000006648                lhu
 .text          0x0000000000006948       0x54 tests/simple.o
                0x0000000000006948                simple
 .text          0x000000000000699c      0x378 tests/bltu.o
                0x000000000000699c                bltu
 .text          0x0000000000006d14      0x160 tests/remu.o
                0x0000000000006d14                remu
 .text          0x0000000000006e74      0x308 tests/slli.o
                0x0000000000006e74                slli
 .text          0x000000000000717c      0x3a0 tests/bge.o
                0x000000000000717c                bge
 .text          0x000000000000751c      0x268 tests/xori.o
                0x000000000000751c                xori
 .text          0x0000000000007784      0x474 tests/sb.o
                0x0000000000007784                sb
 .text          0x0000000000007bf8       0xe0 tests/lui.o
                0x0000000000007bf8                lui
 .text          0x0000000000007cd8       0xd8 tests/jal.o
                0x0000000000007cd8                jal
 .text          0x0000000000007db0      0x548 tests/mul.o
                0x0000000000007db0                mul
 .text          0x00000000000082f8      0x560 tests/add.o
                0x00000000000082f8                add
 .text          0x0000000000008858      0x338 tests/srli.o
                0x0000000000008858                srli
 .text          0x0000000000008b90      0x164 tests/divu.o
                0x0000000000008b90                divu
 .text          0x0000000000008cf4      0x344 tests/bne.o
                0x0000000000008cf4                bne
 .text          0x0000000000009038      0x538 tests/and.o
                0x0000000000009038                and
 .text          0x0000000000009570      0x2f8 tests/slti.o
                0x0000000000009570                slti
 .text          0x0000000000009868      0x54c tests/mulhsu.o
                0x0000000000009868                mulhsu
 .text          0x0000000000009db4       0xb4 /opt/riscv32i/lib/gcc/riscv32-unknown-elf/8.2.0/libgcc.a(div.o)
                0x0000000000009db4                __divsi3
                0x0000000000009dbc                __udivsi3
                0x0000000000009e04                __umodsi3
                0x0000000000009e38                __modsi3
 *(*)
 .data          0x0000000000009e68        0x0 firmware/start.o
 .bss           0x0000000000009e68        0x0 firmware/start.o
 .data          0x0000000000009e68        0x0 firmware/print.o
 .bss           0x0000000000009e68        0x0 firmware/print.o
 .rodata.str1.4
                0x0000000000009e68       0x11 firmware/print.o
 .comment       0x0000000000009e79       0x11 firmware/print.o
                                         0x12 (size before relaxing)
 .data          0x0000000000009e8a        0x0 firmware/hello.o
 .bss           0x0000000000009e8a        0x0 firmware/hello.o
 *fill*         0x0000000000009e8a        0x2 
 .rodata.str1.4
                0x0000000000009e8c       0x10 firmware/hello.o
                                          0xd (size before relaxing)
 .comment       0x0000000000009e9c       0x12 firmware/hello.o
 .data          0x0000000000009e9c        0x0 tests/or.o
 .bss           0x0000000000009e9c        0x0 tests/or.o
 .data          0x0000000000009e9c        0x0 tests/xor.o
 .bss           0x0000000000009e9c        0x0 tests/xor.o
 .data          0x0000000000009e9c       0x14 tests/sh.o
 .bss           0x0000000000009eb0        0x0 tests/sh.o
 .data          0x0000000000009eb0        0x0 tests/andi.o
 .bss           0x0000000000009eb0        0x0 tests/andi.o
 .data          0x0000000000009eb0        0x0 tests/sub.o
 .bss           0x0000000000009eb0        0x0 tests/sub.o
 .data          0x0000000000009eb0        0x0 tests/sll.o
 .bss           0x0000000000009eb0        0x0 tests/sll.o
 .data          0x0000000000009eb0        0x0 tests/sra.o
 .bss           0x0000000000009eb0        0x0 tests/sra.o
 .data          0x0000000000009eb0        0x8 tests/lh.o
 .bss           0x0000000000009eb8        0x0 tests/lh.o
 .data          0x0000000000009eb8        0x0 tests/srai.o
 .bss           0x0000000000009eb8        0x0 tests/srai.o
 .data          0x0000000000009eb8        0x0 tests/rem.o
 .bss           0x0000000000009eb8        0x0 tests/rem.o
 .data          0x0000000000009eb8        0x0 tests/addi.o
 .bss           0x0000000000009eb8        0x0 tests/addi.o
 .data          0x0000000000009eb8        0x0 tests/mulh.o
 .bss           0x0000000000009eb8        0x0 tests/mulh.o
 .data          0x0000000000009eb8        0x4 tests/lb.o
 .bss           0x0000000000009ebc        0x0 tests/lb.o
 .data          0x0000000000009ebc        0x0 tests/bgeu.o
 .bss           0x0000000000009ebc        0x0 tests/bgeu.o
 .data          0x0000000000009ebc       0x28 tests/sw.o
 .bss           0x0000000000009ee4        0x0 tests/sw.o
 .data          0x0000000000009ee4        0x0 tests/div.o
 .bss           0x0000000000009ee4        0x0 tests/div.o
 .data          0x0000000000009ee4        0x0 tests/beq.o
 .bss           0x0000000000009ee4        0x0 tests/beq.o
 .data          0x0000000000009ee4        0x0 tests/auipc.o
 .bss           0x0000000000009ee4        0x0 tests/auipc.o
 .data          0x0000000000009ee4        0x0 tests/blt.o
 .bss           0x0000000000009ee4        0x0 tests/blt.o
 .data          0x0000000000009ee4        0x0 tests/jalr.o
 .bss           0x0000000000009ee4        0x0 tests/jalr.o
 .data          0x0000000000009ee4       0x10 tests/lw.o
 .bss           0x0000000000009ef4        0x0 tests/lw.o
 .data          0x0000000000009ef4        0x0 tests/ori.o
 .bss           0x0000000000009ef4        0x0 tests/ori.o
 .data          0x0000000000009ef4        0x0 tests/j.o
 .bss           0x0000000000009ef4        0x0 tests/j.o
 .data          0x0000000000009ef4        0x0 tests/mulhu.o
 .bss           0x0000000000009ef4        0x0 tests/mulhu.o
 .data          0x0000000000009ef4        0x0 tests/srl.o
 .bss           0x0000000000009ef4        0x0 tests/srl.o
 .data          0x0000000000009ef4        0x0 tests/slt.o
 .bss           0x0000000000009ef4        0x0 tests/slt.o
 .data          0x0000000000009ef4        0x4 tests/lbu.o
 .bss           0x0000000000009ef8        0x0 tests/lbu.o
 .data          0x0000000000009ef8        0x8 tests/lhu.o
 .bss           0x0000000000009f00        0x0 tests/lhu.o
 .data          0x0000000000009f00        0x0 tests/simple.o
 .bss           0x0000000000009f00        0x0 tests/simple.o
 .data          0x0000000000009f00        0x0 tests/bltu.o
 .bss           0x0000000000009f00        0x0 tests/bltu.o
 .data          0x0000000000009f00        0x0 tests/remu.o
 .bss           0x0000000000009f00        0x0 tests/remu.o
 .data          0x0000000000009f00        0x0 tests/slli.o
 .bss           0x0000000000009f00        0x0 tests/slli.o
 .data          0x0000000000009f00        0x0 tests/bge.o
 .bss           0x0000000000009f00        0x0 tests/bge.o
 .data          0x0000000000009f00        0x0 tests/xori.o
 .bss           0x0000000000009f00        0x0 tests/xori.o
 .data          0x0000000000009f00        0xa tests/sb.o
 .bss           0x0000000000009f0a        0x0 tests/sb.o
 *fill*         0x0000000000009f0a        0x2 
 .data          0x0000000000009f0c        0x0 tests/lui.o
 .bss           0x0000000000009f0c        0x0 tests/lui.o
 .data          0x0000000000009f0c        0x0 tests/jal.o
 .bss           0x0000000000009f0c        0x0 tests/jal.o
 .data          0x0000000000009f0c        0x0 tests/mul.o
 .bss           0x0000000000009f0c        0x0 tests/mul.o
 .data          0x0000000000009f0c        0x0 tests/add.o
 .bss           0x0000000000009f0c        0x0 tests/add.o
 .data          0x0000000000009f0c        0x0 tests/srli.o
 .bss           0x0000000000009f0c        0x0 tests/srli.o
 .data          0x0000000000009f0c        0x0 tests/divu.o
 .bss           0x0000000000009f0c        0x0 tests/divu.o
 .data          0x0000000000009f0c        0x0 tests/bne.o
 .bss           0x0000000000009f0c        0x0 tests/bne.o
 .data          0x0000000000009f0c        0x0 tests/and.o
 .bss           0x0000000000009f0c        0x0 tests/and.o
 .data          0x0000000000009f0c        0x0 tests/slti.o
 .bss           0x0000000000009f0c        0x0 tests/slti.o
 .data          0x0000000000009f0c        0x0 tests/mulhsu.o
 .bss           0x0000000000009f0c        0x0 tests/mulhsu.o
 .data          0x0000000000009f0c        0x0 /opt/riscv32i/lib/gcc/riscv32-unknown-elf/8.2.0/libgcc.a(div.o)
 .bss           0x0000000000009f0c        0x0 /opt/riscv32i/lib/gcc/riscv32-unknown-elf/8.2.0/libgcc.a(div.o)
                0x0000000000009f0c                end = .
                0x0000000000009f0c                . = ALIGN (0x4)
LOAD firmware/start.o
LOAD firmware/print.o
LOAD firmware/hello.o
LOAD tests/or.o
LOAD tests/xor.o
LOAD tests/sh.o
LOAD tests/andi.o
LOAD tests/sub.o
LOAD tests/sll.o
LOAD tests/sra.o
LOAD tests/lh.o
LOAD tests/srai.o
LOAD tests/rem.o
LOAD tests/addi.o
LOAD tests/mulh.o
LOAD tests/lb.o
LOAD tests/bgeu.o
LOAD tests/sw.o
LOAD tests/div.o
LOAD tests/beq.o
LOAD tests/auipc.o
LOAD tests/blt.o
LOAD tests/jalr.o
LOAD tests/lw.o
LOAD tests/ori.o
LOAD tests/j.o
LOAD tests/mulhu.o
LOAD tests/srl.o
LOAD tests/slt.o
LOAD tests/lbu.o
LOAD tests/lhu.o
LOAD tests/simple.o
LOAD tests/bltu.o
LOAD tests/remu.o
LOAD tests/slli.o
LOAD tests/bge.o
LOAD tests/xori.o
LOAD tests/sb.o
LOAD tests/lui.o
LOAD tests/jal.o
LOAD tests/mul.o
LOAD tests/add.o
LOAD tests/srli.o
LOAD tests/divu.o
LOAD tests/bne.o
LOAD tests/and.o
LOAD tests/slti.o
LOAD tests/mulhsu.o
LOAD /opt/riscv32i/lib/gcc/riscv32-unknown-elf/8.2.0/libgcc.a
OUTPUT(firmware/firmware.elf elf32-littleriscv)
